--------------------------------------------------------------------------------
Release 14.7 Trace  (nt)
Copyright (c) 1995-2013 Xilinx, Inc.  All rights reserved.

C:\Xilinx\14.7\ISE_DS\ISE\bin\nt\unwrapped\trce.exe -intstyle ise -o
mojo_top_0.twr -v 30 -l 30 mojo_top_0_routed.ncd mojo_top_0.pcf

Design file:              mojo_top_0_routed.ncd
Physical constraint file: mojo_top_0.pcf
Device,package,speed:     xc6slx9,tqg144,C,-2 (PRODUCTION 1.23 2013-10-13)
Report level:             verbose report, limited to 30 items per constraint

Environment Variable      Effect 
--------------------      ------ 
NONE                      No environment variables were set
--------------------------------------------------------------------------------

INFO:Timing:2698 - No timing constraints found, doing default enumeration.
INFO:Timing:3412 - To improve timing, see the Timing Closure User Guide (UG612).
INFO:Timing:2752 - To get complete path coverage, use the unconstrained paths 
   option. All paths that are not constrained will be reported in the 
   unconstrained paths section(s) of the report.
INFO:Timing:3339 - The clock-to-out numbers in this timing report are based on 
   a 50 Ohm transmission line loading model.  For the details of this model, 
   and for more information on accounting for different loading conditions, 
   please see the device datasheet.



Data Sheet report:
-----------------
All values displayed in nanoseconds (ns)

Pad to Pad
---------------+---------------+---------+
Source Pad     |Destination Pad|  Delay  |
---------------+---------------+---------+
io_dip[0]      |io_led[0]      |   16.559|
io_dip[0]      |io_led[1]      |   14.363|
io_dip[0]      |io_led[2]      |   14.371|
io_dip[0]      |io_led[3]      |   14.503|
io_dip[0]      |io_led[4]      |   14.543|
io_dip[0]      |io_led[5]      |   14.211|
io_dip[0]      |io_led[6]      |   15.124|
io_dip[0]      |io_led[7]      |   15.140|
io_dip[0]      |led[0]         |   16.888|
io_dip[0]      |led[1]         |   15.884|
io_dip[0]      |led[2]         |   15.943|
io_dip[1]      |io_led[0]      |   11.925|
io_dip[1]      |io_led[1]      |   12.297|
io_dip[1]      |io_led[2]      |   12.748|
io_dip[1]      |io_led[3]      |   12.313|
io_dip[1]      |io_led[4]      |   12.816|
io_dip[1]      |io_led[5]      |   13.125|
io_dip[1]      |io_led[6]      |   14.219|
io_dip[1]      |io_led[7]      |   12.718|
io_dip[2]      |io_led[0]      |   11.558|
io_dip[2]      |io_led[1]      |   11.560|
io_dip[2]      |io_led[2]      |   11.812|
io_dip[2]      |io_led[3]      |   11.501|
io_dip[2]      |io_led[4]      |   12.101|
io_dip[2]      |io_led[5]      |   12.048|
io_dip[2]      |io_led[6]      |   12.556|
io_dip[2]      |io_led[7]      |   12.808|
io_dip[3]      |io_led[0]      |   11.346|
io_dip[3]      |io_led[1]      |   11.476|
io_dip[3]      |io_led[2]      |   12.085|
io_dip[3]      |io_led[3]      |   11.936|
io_dip[3]      |io_led[4]      |   11.910|
io_dip[3]      |io_led[5]      |   11.794|
io_dip[3]      |io_led[6]      |   12.722|
io_dip[3]      |io_led[7]      |   12.090|
io_dip[4]      |io_led[0]      |   11.091|
io_dip[4]      |io_led[1]      |   11.633|
io_dip[4]      |io_led[2]      |   11.605|
io_dip[4]      |io_led[3]      |   11.777|
io_dip[4]      |io_led[4]      |   11.409|
io_dip[4]      |io_led[5]      |   11.522|
io_dip[4]      |io_led[6]      |   11.994|
io_dip[4]      |io_led[7]      |   11.710|
io_dip[4]      |led[0]         |   12.471|
io_dip[4]      |led[1]         |   11.423|
io_dip[4]      |led[2]         |   11.482|
io_dip[5]      |io_led[0]      |   11.668|
io_dip[5]      |io_led[1]      |   11.590|
io_dip[5]      |io_led[2]      |   11.770|
io_dip[5]      |io_led[3]      |   11.740|
io_dip[5]      |io_led[4]      |   11.003|
io_dip[5]      |io_led[5]      |   11.365|
io_dip[5]      |io_led[6]      |   11.954|
io_dip[5]      |io_led[7]      |   11.720|
io_dip[5]      |led[0]         |   12.954|
io_dip[5]      |led[1]         |   11.738|
io_dip[5]      |led[2]         |   11.797|
io_dip[8]      |io_led[0]      |   15.276|
io_dip[8]      |io_led[1]      |   13.080|
io_dip[8]      |io_led[2]      |   13.627|
io_dip[8]      |io_led[3]      |   13.103|
io_dip[8]      |io_led[4]      |   13.104|
io_dip[8]      |io_led[5]      |   13.206|
io_dip[8]      |io_led[6]      |   13.573|
io_dip[8]      |io_led[7]      |   13.701|
io_dip[8]      |io_led[8]      |   11.174|
io_dip[8]      |led[0]         |   15.605|
io_dip[8]      |led[1]         |   14.445|
io_dip[8]      |led[2]         |   14.504|
io_dip[9]      |io_led[0]      |   15.156|
io_dip[9]      |io_led[1]      |   12.875|
io_dip[9]      |io_led[2]      |   13.605|
io_dip[9]      |io_led[3]      |   12.989|
io_dip[9]      |io_led[4]      |   12.968|
io_dip[9]      |io_led[5]      |   12.893|
io_dip[9]      |io_led[6]      |   13.437|
io_dip[9]      |io_led[7]      |   13.565|
io_dip[9]      |io_led[9]      |   10.816|
io_dip[9]      |led[0]         |   15.485|
io_dip[9]      |led[1]         |   14.309|
io_dip[9]      |led[2]         |   14.368|
io_dip[10]     |io_led[0]      |   14.845|
io_dip[10]     |io_led[1]      |   13.538|
io_dip[10]     |io_led[2]      |   13.908|
io_dip[10]     |io_led[3]      |   13.139|
io_dip[10]     |io_led[4]      |   12.808|
io_dip[10]     |io_led[5]      |   13.267|
io_dip[10]     |io_led[6]      |   13.691|
io_dip[10]     |io_led[7]      |   13.764|
io_dip[10]     |io_led[10]     |   11.186|
io_dip[10]     |led[0]         |   15.174|
io_dip[10]     |led[1]         |   14.149|
io_dip[10]     |led[2]         |   14.208|
io_dip[11]     |io_led[0]      |   14.027|
io_dip[11]     |io_led[1]      |   12.397|
io_dip[11]     |io_led[2]      |   12.376|
io_dip[11]     |io_led[3]      |   12.464|
io_dip[11]     |io_led[4]      |   12.258|
io_dip[11]     |io_led[5]      |   12.238|
io_dip[11]     |io_led[6]      |   13.043|
io_dip[11]     |io_led[7]      |   12.788|
io_dip[11]     |io_led[11]     |   11.256|
io_dip[11]     |led[0]         |   14.356|
io_dip[11]     |led[1]         |   13.532|
io_dip[11]     |led[2]         |   13.591|
io_dip[12]     |io_led[0]      |   14.167|
io_dip[12]     |io_led[1]      |   12.867|
io_dip[12]     |io_led[2]      |   13.103|
io_dip[12]     |io_led[3]      |   12.343|
io_dip[12]     |io_led[4]      |   12.473|
io_dip[12]     |io_led[5]      |   12.596|
io_dip[12]     |io_led[6]      |   12.968|
io_dip[12]     |io_led[7]      |   12.928|
io_dip[12]     |io_led[12]     |   11.424|
io_dip[12]     |led[0]         |   14.496|
io_dip[12]     |led[1]         |   13.672|
io_dip[12]     |led[2]         |   13.731|
io_dip[13]     |io_led[0]      |   13.933|
io_dip[13]     |io_led[1]      |   11.496|
io_dip[13]     |io_led[2]      |   11.548|
io_dip[13]     |io_led[3]      |   11.719|
io_dip[13]     |io_led[4]      |   12.073|
io_dip[13]     |io_led[5]      |   11.702|
io_dip[13]     |io_led[6]      |   12.562|
io_dip[13]     |io_led[7]      |   12.694|
io_dip[13]     |io_led[13]     |   10.763|
io_dip[13]     |led[0]         |   14.262|
io_dip[13]     |led[1]         |   13.438|
io_dip[13]     |led[2]         |   13.497|
io_dip[14]     |io_led[0]      |   13.879|
io_dip[14]     |io_led[1]      |   11.788|
io_dip[14]     |io_led[2]      |   12.906|
io_dip[14]     |io_led[3]      |   12.143|
io_dip[14]     |io_led[4]      |   12.170|
io_dip[14]     |io_led[5]      |   11.994|
io_dip[14]     |io_led[6]      |   13.426|
io_dip[14]     |io_led[7]      |   12.640|
io_dip[14]     |io_led[14]     |    9.923|
io_dip[14]     |led[0]         |   14.208|
io_dip[14]     |led[1]         |   13.384|
io_dip[14]     |led[2]         |   13.443|
io_dip[15]     |io_led[0]      |   13.945|
io_dip[15]     |io_led[1]      |   11.741|
io_dip[15]     |io_led[2]      |   11.912|
io_dip[15]     |io_led[3]      |   11.200|
io_dip[15]     |io_led[4]      |   12.185|
io_dip[15]     |io_led[5]      |   11.947|
io_dip[15]     |io_led[6]      |   13.603|
io_dip[15]     |io_led[7]      |   12.706|
io_dip[15]     |io_led[15]     |   11.366|
io_dip[15]     |led[0]         |   14.274|
io_dip[15]     |led[1]         |   13.450|
io_dip[15]     |led[2]         |   13.509|
io_dip[16]     |io_led[0]      |   15.662|
io_dip[16]     |io_led[1]      |   13.466|
io_dip[16]     |io_led[2]      |   13.790|
io_dip[16]     |io_led[3]      |   13.484|
io_dip[16]     |io_led[4]      |   13.482|
io_dip[16]     |io_led[5]      |   13.591|
io_dip[16]     |io_led[6]      |   13.951|
io_dip[16]     |io_led[7]      |   14.079|
io_dip[16]     |io_led[16]     |   11.008|
io_dip[16]     |led[0]         |   15.991|
io_dip[16]     |led[1]         |   14.823|
io_dip[16]     |led[2]         |   14.882|
io_dip[17]     |io_led[0]      |   15.301|
io_dip[17]     |io_led[1]      |   13.786|
io_dip[17]     |io_led[2]      |   13.805|
io_dip[17]     |io_led[3]      |   13.248|
io_dip[17]     |io_led[4]      |   13.195|
io_dip[17]     |io_led[5]      |   13.589|
io_dip[17]     |io_led[6]      |   13.588|
io_dip[17]     |io_led[7]      |   13.710|
io_dip[17]     |io_led[17]     |   10.694|
io_dip[17]     |led[0]         |   15.630|
io_dip[17]     |led[1]         |   14.454|
io_dip[17]     |led[2]         |   14.513|
io_dip[18]     |io_led[0]      |   16.382|
io_dip[18]     |io_led[1]      |   15.249|
io_dip[18]     |io_led[2]      |   14.452|
io_dip[18]     |io_led[3]      |   14.211|
io_dip[18]     |io_led[4]      |   14.194|
io_dip[18]     |io_led[5]      |   14.311|
io_dip[18]     |io_led[6]      |   14.663|
io_dip[18]     |io_led[7]      |   14.791|
io_dip[18]     |io_led[18]     |   12.039|
io_dip[18]     |led[0]         |   16.711|
io_dip[18]     |led[1]         |   15.535|
io_dip[18]     |led[2]         |   15.594|
io_dip[19]     |io_led[0]      |   15.772|
io_dip[19]     |io_led[1]      |   15.182|
io_dip[19]     |io_led[2]      |   14.385|
io_dip[19]     |io_led[3]      |   13.896|
io_dip[19]     |io_led[4]      |   13.936|
io_dip[19]     |io_led[5]      |   13.604|
io_dip[19]     |io_led[6]      |   14.596|
io_dip[19]     |io_led[7]      |   14.533|
io_dip[19]     |io_led[19]     |   11.591|
io_dip[19]     |led[0]         |   16.101|
io_dip[19]     |led[1]         |   15.277|
io_dip[19]     |led[2]         |   15.336|
io_dip[20]     |io_led[0]      |   15.678|
io_dip[20]     |io_led[4]      |   13.731|
io_dip[20]     |io_led[5]      |   13.385|
io_dip[20]     |io_led[6]      |   14.318|
io_dip[20]     |io_led[7]      |   14.439|
io_dip[20]     |io_led[20]     |   11.760|
io_dip[20]     |led[0]         |   16.007|
io_dip[20]     |led[1]         |   15.183|
io_dip[20]     |led[2]         |   15.242|
io_dip[21]     |io_led[0]      |   15.974|
io_dip[21]     |io_led[5]      |   13.585|
io_dip[21]     |io_led[6]      |   14.603|
io_dip[21]     |io_led[7]      |   14.735|
io_dip[21]     |io_led[21]     |   11.387|
io_dip[21]     |led[0]         |   16.303|
io_dip[21]     |led[1]         |   15.479|
io_dip[21]     |led[2]         |   15.538|
io_dip[22]     |io_led[0]      |   16.153|
io_dip[22]     |io_led[6]      |   14.786|
io_dip[22]     |io_led[7]      |   14.914|
io_dip[22]     |io_led[22]     |   11.892|
io_dip[22]     |led[0]         |   16.482|
io_dip[22]     |led[1]         |   15.658|
io_dip[22]     |led[2]         |   15.717|
io_dip[23]     |io_led[0]      |   15.524|
io_dip[23]     |io_led[7]      |   14.285|
io_dip[23]     |io_led[23]     |   11.000|
io_dip[23]     |led[0]         |   15.853|
io_dip[23]     |led[1]         |   15.029|
io_dip[23]     |led[2]         |   15.088|
---------------+---------------+---------+


Analysis completed Fri Oct 26 12:35:51 2018 
--------------------------------------------------------------------------------

Trace Settings:
-------------------------
Trace Settings 

Peak Memory Usage: 166 MB



